// Jest Snapshot v1, https://goo.gl/fbAQLP

exports[`CardList Should render 1`] = `
<DocumentFragment>
  <div>
    <div
      class="tc grow bg-light-green br3 pa3 ma2 dib bw2 shadow-5"
    >
      <img
        alt="robots"
        src="https://robohash.org/1?size=200x200"
      />
      <div>
        <h2>
          John Snow
        </h2>
        <p>
          johnSnow@gmail.com
        </p>
      </div>
    </div>
  </div>
</DocumentFragment>
`;
