// Jest Snapshot v1, https://goo.gl/fbAQLP

exports[`CounterButton Should render 1`] = `
<DocumentFragment>
  <button
    color="red"
    data-testid="counter"
  >
    Count: 1
  </button>
</DocumentFragment>
`;
